#-----------------------------------------------------------
# Vivado v2020.2 (64-bit)
# SW Build 3064766 on Wed Nov 18 09:12:45 MST 2020
# IP Build 3064653 on Wed Nov 18 14:17:31 MST 2020
# Start of session at: Fri Apr 14 16:54:23 2023
# Process ID: 13512
# Current directory: C:/Users/Administrator/Desktop/de1-project/UART/UART
# Command line: vivado.exe -gui_launcher_event rodinguilauncherevent900 C:\Users\Administrator\Desktop\de1-project\UART\UART\UART.xpr
# Log file: C:/Users/Administrator/Desktop/de1-project/UART/UART/vivado.log
# Journal file: C:/Users/Administrator/Desktop/de1-project/UART/UART\vivado.jou
#-----------------------------------------------------------
start_gui
open_project C:/Users/Administrator/Desktop/de1-project/UART/UART/UART.xpr
update_compile_order -fileset sources_1
update_compile_order -fileset sim_1
launch_simulation
launch_simulation
# Disabling source management mode.  This is to allow the top design properties to be set without GUI intervention.
set_property source_mgmt_mode None [current_project]
set_property top tb_serialiser [get_filesets sim_1]
set_property top_lib xil_defaultlib [get_filesets sim_1]
# Re-enabling previously disabled source management mode.
set_property source_mgmt_mode All [current_project]
launch_simulation
source tb_serialiser.tcl
update_compile_order -fileset sim_1
close_sim
launch_simulation
launch_simulation
source tb_serialiser.tcl
close_sim
launch_simulation
source tb_serialiser.tcl
close_sim
launch_simulation
source tb_serialiser.tcl
close_sim
launch_simulation
source tb_serialiser.tcl
close_sim
launch_simulation
source tb_serialiser.tcl
close_sim
launch_simulation
source tb_serialiser.tcl
close_sim
launch_simulation
source tb_serialiser.tcl
close_sim
