#-----------------------------------------------------------
# Vivado v2020.2 (64-bit)
# SW Build 3064766 on Wed Nov 18 09:12:45 MST 2020
# IP Build 3064653 on Wed Nov 18 14:17:31 MST 2020
# Start of session at: Sat Apr 15 16:03:32 2023
# Process ID: 8936
# Current directory: C:/Users/Administrator/Desktop/de1-project/UART/UART
# Command line: vivado.exe -gui_launcher_event rodinguilauncherevent1400 C:\Users\Administrator\Desktop\de1-project\UART\UART\UART.xpr
# Log file: C:/Users/Administrator/Desktop/de1-project/UART/UART/vivado.log
# Journal file: C:/Users/Administrator/Desktop/de1-project/UART/UART\vivado.jou
#-----------------------------------------------------------
start_gui
open_project C:/Users/Administrator/Desktop/de1-project/UART/UART/UART.xpr
update_compile_order -fileset sources_1
launch_simulation
launch_simulation
source tb_serialiser.tcl
close_sim
launch_simulation
source tb_serialiser.tcl
close_sim
launch_simulation
source tb_serialiser.tcl
close_sim
launch_simulation
source tb_serialiser.tcl
close_sim
launch_simulation
source tb_serialiser.tcl
close_sim
launch_simulation
source tb_serialiser.tcl
close_sim
launch_simulation
source tb_serialiser.tcl
close_sim
launch_simulation
source tb_serialiser.tcl
close_sim
launch_simulation
source tb_serialiser.tcl
close_sim
launch_simulation
source tb_serialiser.tcl
close_sim
launch_simulation
source tb_serialiser.tcl
add_bp {C:/Users/Administrator/Desktop/de1-project/UART/UART/UART.srcs/sources_1/new/serialiser.vhd} 129
remove_bps -file {C:/Users/Administrator/Desktop/de1-project/UART/UART/UART.srcs/sources_1/new/serialiser.vhd} -line 129
close_sim
launch_simulation
source tb_serialiser.tcl
close_sim
launch_simulation
source tb_serialiser.tcl
close_sim
launch_simulation
launch_simulation
launch_simulation
source tb_serialiser.tcl
close_sim
launch_simulation
source tb_serialiser.tcl
close_sim
launch_simulation
source tb_serialiser.tcl
close_sim
launch_simulation
source tb_serialiser.tcl
close_sim
launch_simulation
source tb_serialiser.tcl
close_sim
launch_simulation
source tb_serialiser.tcl
launch_runs synth_1 -jobs 2
wait_on_run synth_1
reset_run synth_1
close_sim
launch_simulation
source tb_serialiser.tcl
close_sim
launch_simulation
source tb_serialiser.tcl
close_sim
launch_simulation
source tb_serialiser.tcl
close_sim
launch_simulation
source tb_serialiser.tcl
close_sim
launch_simulation
source tb_serialiser.tcl
close_sim
launch_simulation
source tb_serialiser.tcl
close_sim
launch_simulation
source tb_serialiser.tcl
close_sim
launch_simulation
source tb_serialiser.tcl
close_sim
launch_simulation
source tb_serialiser.tcl
close_sim
launch_simulation
source tb_serialiser.tcl
close_sim
launch_simulation
source tb_serialiser.tcl
close_sim
launch_simulation
source tb_serialiser.tcl
close_sim
launch_simulation
source tb_serialiser.tcl
close_sim
launch_simulation
source tb_serialiser.tcl
close_sim
launch_simulation
source tb_serialiser.tcl
close_sim
launch_simulation
source tb_serialiser.tcl
close_sim
launch_simulation
source tb_serialiser.tcl
close [ open C:/Users/Administrator/Desktop/de1-project/UART/UART/UART.srcs/sources_1/new/receiver.vhd w ]
add_files C:/Users/Administrator/Desktop/de1-project/UART/UART/UART.srcs/sources_1/new/receiver.vhd
update_compile_order -fileset sources_1
close_sim
launch_simulation
launch_simulation
source tb_serialiser.tcl
set_property SOURCE_SET sources_1 [get_filesets sim_1]
close [ open C:/Users/Administrator/Desktop/de1-project/UART/UART/UART.srcs/sim_1/new/tb_receiver.vhd w ]
add_files -fileset sim_1 C:/Users/Administrator/Desktop/de1-project/UART/UART/UART.srcs/sim_1/new/tb_receiver.vhd
update_compile_order -fileset sim_1
# Disabling source management mode.  This is to allow the top design properties to be set without GUI intervention.
set_property source_mgmt_mode None [current_project]
set_property top tb_receiver [get_filesets sim_1]
set_property top_lib xil_defaultlib [get_filesets sim_1]
# Re-enabling previously disabled source management mode.
set_property source_mgmt_mode All [current_project]
launch_simulation
update_compile_order -fileset sim_1
launch_simulation
launch_simulation
close_sim
launch_simulation
source tb_receiver.tcl
launch_runs synth_1 -jobs 2
wait_on_run synth_1
reset_run synth_1
close_sim
launch_simulation
source tb_receiver.tcl
close_sim
launch_simulation
source tb_receiver.tcl
close_sim
launch_simulation
source tb_receiver.tcl
close_sim
launch_simulation
source tb_receiver.tcl
close_sim
launch_simulation
source tb_receiver.tcl
close_sim
launch_simulation
source tb_receiver.tcl
close_sim
launch_simulation
source tb_receiver.tcl
close_sim
launch_simulation
source tb_receiver.tcl
close_sim
launch_simulation
source tb_receiver.tcl
close_sim
launch_simulation
source tb_receiver.tcl
close_sim
launch_simulation
source tb_receiver.tcl
close_sim
launch_simulation
source tb_receiver.tcl
close_sim
launch_simulation
source tb_receiver.tcl
close_sim
launch_simulation
source tb_receiver.tcl
close_sim
launch_simulation
source tb_receiver.tcl
close_sim
launch_simulation
source tb_receiver.tcl
close_sim
launch_simulation
source tb_receiver.tcl
close_sim
launch_simulation
source tb_receiver.tcl
close_sim
launch_simulation
source tb_receiver.tcl
close_sim
launch_simulation
source tb_receiver.tcl
close_sim
launch_simulation
source tb_receiver.tcl
close_sim
launch_simulation
source tb_receiver.tcl
close_sim
launch_simulation
source tb_receiver.tcl
close_sim
launch_simulation
source tb_receiver.tcl
close_sim
launch_simulation
source tb_receiver.tcl
close_sim
launch_simulation
source tb_receiver.tcl
close_sim
launch_simulation
source tb_receiver.tcl
close_sim
launch_simulation
source tb_receiver.tcl
close_sim
launch_simulation
source tb_receiver.tcl
close_sim
launch_simulation
source tb_receiver.tcl
close_sim
launch_simulation
launch_simulation
source tb_receiver.tcl
close_sim
launch_simulation
source tb_receiver.tcl
close_sim
launch_simulation
source tb_receiver.tcl
close_sim
launch_simulation
source tb_receiver.tcl
close_sim
launch_simulation
source tb_receiver.tcl
close_sim
launch_simulation
source tb_receiver.tcl
close_sim
launch_simulation
source tb_receiver.tcl
close_sim
launch_simulation
source tb_receiver.tcl
close_sim
