#-----------------------------------------------------------
# Vivado v2020.2 (64-bit)
# SW Build 3064766 on Wed Nov 18 09:12:45 MST 2020
# IP Build 3064653 on Wed Nov 18 14:17:31 MST 2020
# Start of session at: Mon Apr 10 21:58:56 2023
# Process ID: 13156
# Current directory: C:/Users/Administrator/git/de1-project/UART/UART
# Command line: vivado.exe -gui_launcher_event rodinguilauncherevent23720 C:\Users\Administrator\git\de1-project\UART\UART\UART.xpr
# Log file: C:/Users/Administrator/git/de1-project/UART/UART/vivado.log
# Journal file: C:/Users/Administrator/git/de1-project/UART/UART\vivado.jou
#-----------------------------------------------------------
start_gui
open_project C:/Users/Administrator/git/de1-project/UART/UART/UART.xpr
update_compile_order -fileset sources_1
launch_simulation
launch_simulation
source tb_serialiser.tcl
close_sim
launch_simulation
source tb_serialiser.tcl
close_sim
launch_simulation
source tb_serialiser.tcl
set_property -name {xsim.simulate.runtime} -value {10ms} -objects [get_filesets sim_1]
close_sim
launch_simulation
source tb_serialiser.tcl
close_sim
launch_simulation
source tb_serialiser.tcl
add_bp {C:/Users/Administrator/git/de1-project/UART/UART/UART.srcs/sources_1/new/serialiser.vhd} 56
remove_bps -file {C:/Users/Administrator/git/de1-project/UART/UART/UART.srcs/sources_1/new/serialiser.vhd} -line 56
close_sim
launch_simulation
source tb_serialiser.tcl
close_sim
launch_simulation
source tb_serialiser.tcl
set_property -name {xsim.simulate.runtime} -value {1ms} -objects [get_filesets sim_1]
close_sim
launch_simulation
source tb_serialiser.tcl
close_sim
launch_simulation
source tb_serialiser.tcl
close_sim
